// Jest Snapshot v1, https://goo.gl/fbAQLP

exports[`renders correctly 1`] = `
<View
  style={undefined}
>
  <View
    style={
      Array [
        undefined,
        undefined,
      ]
    }
  />
</View>
`;
