exports[`test renders correctly 1`] = `
<View
  style={undefined}>
  <View
    style={undefined} />
</View>
`;
