// Jest Snapshot v1, https://goo.gl/fbAQLP

exports[`renders with a title 1`] = `
<View
  accessibilityComponentType={undefined}
  accessibilityLabel={undefined}
  accessibilityTraits={undefined}
  accessible={true}
  collapsable={undefined}
  hasTVPreferredFocus={undefined}
  hitSlop={undefined}
  isTVSelectable={true}
  nativeID={undefined}
  onLayout={undefined}
  onResponderGrant={[Function]}
  onResponderMove={[Function]}
  onResponderRelease={[Function]}
  onResponderTerminate={[Function]}
  onResponderTerminationRequest={[Function]}
  onStartShouldSetResponder={[Function]}
  style={
    Object {
      "opacity": 1,
    }
  }
  testID={undefined}
  tvParallaxProperties={undefined}
>
  <View
    style={
      Array [
        undefined,
        Object {
          "backgroundColor": "#fff",
        },
      ]
    }
  >
    <View
      style={undefined}
    >
      <Text
        accessible={true}
        allowFontScaling={false}
        ellipsizeMode="tail"
        style={
          Array [
            Object {
              "color": undefined,
              "fontSize": 12,
            },
            Array [
              undefined,
              undefined,
            ],
            Object {
              "fontFamily": "zoo-font",
              "fontStyle": "normal",
              "fontWeight": "normal",
            },
          ]
        }
      >
        
      </Text>
    </View>
    <View
      style={undefined}
    >
      <Text
        accessible={true}
        allowFontScaling={true}
        ellipsizeMode="tail"
        numberOfLines={1}
        style={
          Array [
            Object {
              "fontFamily": "Karla",
            },
            undefined,
          ]
        }
      >
        O Hai!
      </Text>
    </View>
    <Text
      accessible={true}
      allowFontScaling={false}
      ellipsizeMode="tail"
      style={
        Array [
          Object {
            "color": undefined,
            "fontSize": 12,
          },
          undefined,
          Object {
            "fontFamily": "FontAwesome",
            "fontStyle": "normal",
            "fontWeight": "normal",
          },
        ]
      }
    >
      
    </Text>
  </View>
</View>
`;
