exports[`test renders correctly 1`] = `
<View
  style={undefined}>
  <ScrollView>
    <View
      style={undefined}>
      <View />
    </View>
  </ScrollView>
  <View
    style={
      Array [
        undefined,
        false,
      ]
    }>
    <View
      style={undefined}>
      <TouchableOpacity
        activeOpacity={0.7}
        onPress={[Function]}
        style={undefined}>
        <View
          style={undefined}>
          <Text
            accessible={true}
            allowFontScaling={true}
            ellipsizeMode="tail"
            style={
              Array [
                undefined,
              ]
            }>
            Choose Category
          </Text>
          <Text
            accessible={true}
            allowFontScaling={false}
            ellipsizeMode="tail"
            style={
              Array [
                Object {
                  "color": undefined,
                  "fontFamily": "FontAwesome",
                  "fontSize": 12,
                  "fontStyle": "normal",
                  "fontWeight": "normal",
                },
                undefined,
              ]
            }>
            ï„‡
          </Text>
        </View>
      </TouchableOpacity>
    </View>
  </View>
</View>
`;
