exports[`test renders correctly 1`] = `
<View
  style={undefined}>
  <TouchableOpacity
    activeOpacity={0.5}
    onPress={[Function]}>
    <View
      style={undefined}>
      <Text
        accessible={true}
        allowFontScaling={true}
        ellipsizeMode="tail"
        style={
          Array [
            undefined,
            undefined,
          ]
        }>
        Nice citation
      </Text>
      <Text
        accessible={true}
        allowFontScaling={false}
        ellipsizeMode="tail"
        style={
          Array [
            Object {
              "color": undefined,
              "fontFamily": "FontAwesome",
              "fontSize": 12,
              "fontStyle": "normal",
              "fontWeight": "normal",
            },
            undefined,
          ]
        }>
        ï„…
      </Text>
    </View>
  </TouchableOpacity>
</View>
`;
