exports[`test renders correctly 1`] = `
<Image
  defaultSource={1}
  source={
    Object {
      "uri": "avatar",
    }
  }
  style={undefined} />
`;
