exports[`test renders correctly 1`] = `
<TouchableOpacity
  activeOpacity={0.2}
  onPress={[Function]}
  style={undefined}>
  <Text
    accessible={true}
    allowFontScaling={true}
    ellipsizeMode="tail"
    style={
      Array [
        undefined,
      ]
    }>
    Nice workflow
  </Text>
  <View
    style={
      Array [
        undefined,
        Object {
          "backgroundColor": "#AFA48C",
        },
      ]
    }>
    <Text
      accessible={true}
      allowFontScaling={false}
      ellipsizeMode="tail"
      style={
        Array [
          Object {
            "color": undefined,
            "fontFamily": "FontAwesome",
            "fontSize": 12,
            "fontStyle": "normal",
            "fontWeight": "normal",
          },
          undefined,
        ]
      }>
      ï„…
    </Text>
  </View>
</TouchableOpacity>
`;
