// Jest Snapshot v1, https://goo.gl/fbAQLP

exports[`renders correctly 1`] = `
<Text
  allowFontScaling={false}
  style={
    Array [
      Object {
        "color": undefined,
        "fontSize": 12,
      },
      Array [
        undefined,
        undefined,
      ],
      Object {
        "fontFamily": "zoo-font",
        "fontStyle": "normal",
        "fontWeight": "normal",
      },
      Object {},
    ]
  }
>
  ï„«
</Text>
`;
